../Src/main.c:69:6:SysTick_initialize	16	static
../Src/main.c:80:6:updateTimeDelay	8	static
../Src/main.c:91:6:delay1ms	16	static
../Src/main.c:99:6:delay	24	static
../Src/main.c:106:6:set_GPIO_mode	24	static
../Src/main.c:147:6:config_PLL	16	static
../Src/main.c:187:6:W25QXX_CS_LOW	8	static
../Src/main.c:191:6:W25QXX_CS_HIGH	8	static
../Src/main.c:196:6:SPI1_Transmit	24	static
../Src/main.c:220:6:sent_data_dotMx	16	static
../Src/main.c:233:6:SPI1_Transmit16	24	static
../Src/main.c:260:6:init_dotMx	8	static
../Src/main.c:275:6:MAX7219_Write	32	static
../Src/main.c:288:6:MAX7219_WriteRegister	32	static
../Src/main.c:296:6:MAX7219_Init	8	static
../Src/main.c:304:6:MAX7219_DisplayTest	16	static
../Src/main.c:311:6:MAX7219_DisplayPattern	32	static
../Src/main.c:320:6:MAX7219_Clear	16	static
../Src/main.c:327:6:init_SPI	8	static
../Src/main.c:343:6:init_dotMx_DEBUG	8	static
../Src/main.c:359:5:main	8	static
